// Jest Snapshot v1, https://goo.gl/fbAQLP

exports[`trustChainMapper should map trustChain 1`] = `
Array [
  Object {
    "createDate": "2022-08-18T14:48:03.845Z",
    "hash": "3TRo7KvCwXEs4LnGo4t84m2R8qVG9kBQYPQXDVtsNBdm",
    "issuer": Object {
      "did": "did:hedera:testnet:EN3NV7jDb38nL6TfLxF2kVcQjZ4X2gNn16KbQ3tVtcJV;hedera:testnet:tid=0.0.47929275",
      "username": "ci_registrant_2022-08-18T14:46:08.644Z",
    },
    "messageId": "1660834083.492918782",
    "mintDate": "2022-08-18T14:47:50.950Z",
    "policy": Object {
      "createDate": "2022-08-09T10:34:42.351Z",
      "description": "",
      "id": "62f238427fe3fa7b888e846f",
      "issuer": Object {
        "did": "did:hedera:testnet:HJsroiv4k6ggwnyXWUEokcopxRaeehAPUJhp63zjd6Zx;hedera:testnet:tid=0.0.47650041",
        "username": "dovuauthority",
      },
      "name": "dovu_ccp_mrv_cool_farm_tool_alpha",
      "updateDate": "2022-08-09T10:34:42.351Z",
      "version": "1.0.0",
    },
    "proof": Object {
      "challenge": "123",
      "created": "2022-08-18T14:47:50Z",
      "jws": "eyJhbGciOiJFZERTQSIsImI2NCI6ZmFsc2UsImNyaXQiOlsiYjY0Il19..Zr1ze6nyawfp1m61xMGNgMHC8d9PVUEVJA_hNq7u3weIsOzZeb8FbeqeR_uN7WjuCdXlKQ6nMEsZHSvW5RSmAg",
      "proofPurpose": "authentication",
      "type": "Ed25519Signature2018",
      "verificationMethod": "did:hedera:testnet:HJsroiv4k6ggwnyXWUEokcopxRaeehAPUJhp63zjd6Zx;hedera:testnet:tid=0.0.47650041#did-root-key",
    },
    "tokenId": "0.0.47858839",
    "topicId": "0.0.47858844",
    "trustChain": Array [
      Object {
        "createDate": "2022-08-18T14:47:57.139Z",
        "description": "Token[s] minted.",
        "issuanceDate": "2022-08-18T14:47:50.952Z",
        "issuer": Object {
          "did": "did:hedera:testnet:HJsroiv4k6ggwnyXWUEokcopxRaeehAPUJhp63zjd6Zx;hedera:testnet:tid=0.0.47650041",
          "username": "dovuauthority",
        },
        "messageId": "1660834076.966845704",
        "proof": Object {
          "created": "2022-08-18T14:47:50Z",
          "jws": "eyJhbGciOiJFZERTQSIsImI2NCI6ZmFsc2UsImNyaXQiOlsiYjY0Il19..AW78l2C7XpYkaALFTTiTJ7zAgIjGLLg0_RtpjAPUQ0lG-_ACINnLGYhLkcRM0Z5hmMlYYQfzUzyMqRb69Tj6AQ",
          "proofPurpose": "assertionMethod",
          "type": "Ed25519Signature2018",
          "verificationMethod": "did:hedera:testnet:HJsroiv4k6ggwnyXWUEokcopxRaeehAPUJhp63zjd6Zx;hedera:testnet:tid=0.0.47650041#did-root-key",
        },
        "title": "Carbon Offset Token",
        "updateDate": "2022-08-18T14:47:57.139Z",
        "visible": true,
      },
      Object {
        "createDate": "2022-08-18T14:47:50.900Z",
        "description": "Cool Farm Tool  Submission processed.",
        "issuanceDate": "2022-08-18T14:47:50.874Z",
        "issuer": Object {
          "did": "did:hedera:testnet:2j6jBbvsD8Ash6rodCqnepMtHKRk9bob9it3UJXuuQLJ;hedera:testnet:tid=0.0.47929278",
          "username": "ci_verifier_2022-08-18T14:46:08.644Z",
        },
        "messageId": null,
        "proof": Object {
          "created": "2022-08-18T14:47:50Z",
          "jws": "eyJhbGciOiJFZERTQSIsImI2NCI6ZmFsc2UsImNyaXQiOlsiYjY0Il19..j8k5jGZpxB6CADnf3CxEAeZxj3O3lRxQwOYDzTf4JPD2F4-oocK22s2vwZ_9OPJS1SoJ3hLuEXOAEck94yy4Cw",
          "proofPurpose": "assertionMethod",
          "type": "Ed25519Signature2018",
          "verificationMethod": "did:hedera:testnet:2j6jBbvsD8Ash6rodCqnepMtHKRk9bob9it3UJXuuQLJ;hedera:testnet:tid=0.0.47929278#did-root-key",
        },
        "title": "Cool Farm Tool MRV Submission Review",
        "updateDate": "2022-08-18T14:47:50.900Z",
        "visible": true,
      },
      Object {
        "createDate": "2022-08-18T14:47:40.519Z",
        "description": "Registrant submitted Cool Farm Tool Documentation to Issuer.",
        "issuanceDate": "2022-08-18T14:47:40.488Z",
        "issuer": Object {
          "did": "did:hedera:testnet:EN3NV7jDb38nL6TfLxF2kVcQjZ4X2gNn16KbQ3tVtcJV;hedera:testnet:tid=0.0.47929275",
          "username": "ci_registrant_2022-08-18T14:46:08.644Z",
        },
        "messageId": null,
        "proof": Object {
          "created": "2022-08-18T14:47:40Z",
          "jws": "eyJhbGciOiJFZERTQSIsImI2NCI6ZmFsc2UsImNyaXQiOlsiYjY0Il19..EEpVT_2t-w4D_KOwk0V2VoT7GzOhzn2AuBBxO25Q0TMx2lu7VreLXtTiecJjWUvfoqeaGTI7f5WK6K3894MjAg",
          "proofPurpose": "assertionMethod",
          "type": "Ed25519Signature2018",
          "verificationMethod": "did:hedera:testnet:EN3NV7jDb38nL6TfLxF2kVcQjZ4X2gNn16KbQ3tVtcJV;hedera:testnet:tid=0.0.47929275#did-root-key",
        },
        "title": "Cool Farm Tool Documentation Request",
        "updateDate": "2022-08-18T14:47:40.519Z",
        "visible": true,
      },
      Object {
        "createDate": "2022-08-18T14:47:30.188Z",
        "description": "Ecological Project registration request processed.",
        "issuanceDate": "2022-08-18T14:47:30.162Z",
        "issuer": Object {
          "did": "did:hedera:testnet:HJsroiv4k6ggwnyXWUEokcopxRaeehAPUJhp63zjd6Zx;hedera:testnet:tid=0.0.47650041",
          "username": "dovuauthority",
        },
        "messageId": null,
        "proof": Object {
          "created": "2022-08-18T14:47:30Z",
          "jws": "eyJhbGciOiJFZERTQSIsImI2NCI6ZmFsc2UsImNyaXQiOlsiYjY0Il19..BQe8EFxrnGm8vuQNAeMz-VV5IrITlz5cAPgNHRmiOZ_zFGeJCNZjvJYVwaQWhmp2wR686KhSVj73V9kLM4DbBw",
          "proofPurpose": "assertionMethod",
          "type": "Ed25519Signature2018",
          "verificationMethod": "did:hedera:testnet:HJsroiv4k6ggwnyXWUEokcopxRaeehAPUJhp63zjd6Zx;hedera:testnet:tid=0.0.47650041#did-root-key",
        },
        "title": "Ecological Project Review",
        "updateDate": "2022-08-18T14:47:30.188Z",
        "visible": true,
      },
      Object {
        "createDate": "2022-08-18T14:47:19.813Z",
        "description": "Ecological Project registration request submitted to Issuer.",
        "issuanceDate": "2022-08-18T14:47:19.786Z",
        "issuer": Object {
          "did": "did:hedera:testnet:EN3NV7jDb38nL6TfLxF2kVcQjZ4X2gNn16KbQ3tVtcJV;hedera:testnet:tid=0.0.47929275",
          "username": "ci_registrant_2022-08-18T14:46:08.644Z",
        },
        "messageId": null,
        "proof": Object {
          "created": "2022-08-18T14:47:19Z",
          "jws": "eyJhbGciOiJFZERTQSIsImI2NCI6ZmFsc2UsImNyaXQiOlsiYjY0Il19..DW4uuLm28jHfUxevwH_XNfEk49FlUj-pEbD7ukRCi0AbSXRuwLh917NK3lKm_XAbjqx479sPZriK6ddROXenAw",
          "proofPurpose": "assertionMethod",
          "type": "Ed25519Signature2018",
          "verificationMethod": "did:hedera:testnet:EN3NV7jDb38nL6TfLxF2kVcQjZ4X2gNn16KbQ3tVtcJV;hedera:testnet:tid=0.0.47929275#did-root-key",
        },
        "title": "Ecological Project Registration",
        "updateDate": "2022-08-18T14:47:19.813Z",
        "visible": true,
      },
      Object {
        "createDate": "2022-08-18T14:47:09.082Z",
        "description": "DOVU project initial application processed.",
        "issuanceDate": "2022-08-18T14:47:09.058Z",
        "issuer": Object {
          "did": "did:hedera:testnet:HJsroiv4k6ggwnyXWUEokcopxRaeehAPUJhp63zjd6Zx;hedera:testnet:tid=0.0.47650041",
          "username": "dovuauthority",
        },
        "messageId": null,
        "proof": Object {
          "created": "2022-08-18T14:47:09Z",
          "jws": "eyJhbGciOiJFZERTQSIsImI2NCI6ZmFsc2UsImNyaXQiOlsiYjY0Il19..qiy74CYIMzmezDAP5E-DXwsdq66jlHFyiNR-yY0RlBuDx4WjAn1PiIi77b5ndRSPGnHSTeDYcifQwY_tmFwaDA",
          "proofPurpose": "assertionMethod",
          "type": "Ed25519Signature2018",
          "verificationMethod": "did:hedera:testnet:HJsroiv4k6ggwnyXWUEokcopxRaeehAPUJhp63zjd6Zx;hedera:testnet:tid=0.0.47650041#did-root-key",
        },
        "title": "Initial Application Review",
        "updateDate": "2022-08-18T14:47:09.082Z",
        "visible": true,
      },
      Object {
        "createDate": "2022-08-18T14:46:53.545Z",
        "description": "Application submitted to Issuer.",
        "issuanceDate": "2022-08-18T14:46:53.492Z",
        "issuer": Object {
          "did": "did:hedera:testnet:EN3NV7jDb38nL6TfLxF2kVcQjZ4X2gNn16KbQ3tVtcJV;hedera:testnet:tid=0.0.47929275",
          "username": "ci_registrant_2022-08-18T14:46:08.644Z",
        },
        "messageId": null,
        "proof": Object {
          "created": "2022-08-18T14:46:53Z",
          "jws": "eyJhbGciOiJFZERTQSIsImI2NCI6ZmFsc2UsImNyaXQiOlsiYjY0Il19..a_ZCHdB6SeLaFeYwKRZwT1tqOB1EX5BEYO9KohWLNDpPM_j3haTGDOwrBp2yR1lAwZs9axnormo-tf3ISIUxDw",
          "proofPurpose": "assertionMethod",
          "type": "Ed25519Signature2018",
          "verificationMethod": "did:hedera:testnet:EN3NV7jDb38nL6TfLxF2kVcQjZ4X2gNn16KbQ3tVtcJV;hedera:testnet:tid=0.0.47929275#did-root-key",
        },
        "title": "DOVU Project Initial Application",
        "updateDate": "2022-08-18T14:46:53.545Z",
        "visible": true,
      },
    ],
    "updateDate": "2022-08-18T14:48:03.845Z",
  },
]
`;
